current directory: /Users/yogendrasharma/Desktop/parpple/ios/gems/json-2.18.0/ext/json/ext/parser
/opt/homebrew/opt/ruby/bin/ruby extconf.rb
checking for rb_enc_interned_str() in ruby/encoding.h... yes
checking for rb_str_to_interned_str() in ruby.h... yes
checking for rb_hash_new_capa() in ruby.h... yes
checking for rb_hash_bulk_insert() in ruby.h... yes
checking for whether -std=c99 is accepted as CFLAGS... yes
checking for arm_neon.h... yes
checking for cpuid.h... no
creating Makefile

current directory: /Users/yogendrasharma/Desktop/parpple/ios/gems/json-2.18.0/ext/json/ext/parser
make DESTDIR\= sitearchdir\=./.gem.20260107-67549-sfx0y4 sitelibdir\=./.gem.20260107-67549-sfx0y4 clean

current directory: /Users/yogendrasharma/Desktop/parpple/ios/gems/json-2.18.0/ext/json/ext/parser
make DESTDIR\= sitearchdir\=./.gem.20260107-67549-sfx0y4 sitelibdir\=./.gem.20260107-67549-sfx0y4
compiling parser.c
linking shared-object json/ext/parser.bundle

current directory: /Users/yogendrasharma/Desktop/parpple/ios/gems/json-2.18.0/ext/json/ext/parser
make DESTDIR\= sitearchdir\=./.gem.20260107-67549-sfx0y4 sitelibdir\=./.gem.20260107-67549-sfx0y4 install
/usr/bin/install -c -m 0755 parser.bundle ./.gem.20260107-67549-sfx0y4/json/ext

current directory: /Users/yogendrasharma/Desktop/parpple/ios/gems/json-2.18.0/ext/json/ext/parser
make DESTDIR\= sitearchdir\=./.gem.20260107-67549-sfx0y4 sitelibdir\=./.gem.20260107-67549-sfx0y4 clean
